PS C:\Users\AE-14> cd C:\Users\AE-14\Desktop\git_challenge
PS C:\Users\AE-14\Desktop\git_challenge> git init
Initialized empty Git repository in C:/Users/AE-14/Desktop/git_challenge/.git/
PS C:\Users\AE-14\Desktop\git_challenge> git add hello_world.txt
PS C:\Users\AE-14\Desktop\git_challenge> git commit -m "hello_world.txtを追加"
[main (root-commit) 40efd2d] hello_world.txtを追加
 1 file changed, 1 insertion(+)
 create mode 100644 hello_world.txt
PS C:\Users\AE-14\Desktop\git_challenge> git commit -m "日本語訳を追記"
On branch main
Changes not staged for commit:
  (use "git add <file>..." to update what will be committed)
  (use "git restore <file>..." to discard changes in working directory)
        modified:   hello_world.txt

no changes added to commit (use "git add" and/or "git commit -a")
PS C:\Users\AE-14\Desktop\git_challenge> git add hello_world.txt
PS C:\Users\AE-14\Desktop\git_challenge> git commit -m "日本語訳を追記"
[main 7e0e9b8] 日本語訳を追記
 1 file changed, 2 insertions(+), 1 deletion(-)
PS C:\Users\AE-14\Desktop\git_challenge> git log --oneline
7e0e9b8 (HEAD -> main) 日本語訳を追記
40efd2d hello_world.txtを追加
PS C:\Users\AE-14\Desktop\git_challenge> 
